TimeQuest Timing Analyzer report for shift_register
Thu Nov 07 15:09:12 2024
Quartus II 32-bit Version 13.0.0 Build 156 04/24/2013 SJ Web Edition


---------------------
; Table of Contents ;
---------------------
  1. Legal Notice
  2. TimeQuest Timing Analyzer Summary
  3. Parallel Compilation
  4. Clocks
  5. Slow 1100mV 85C Model Fmax Summary
  6. Timing Closure Recommendations
  7. Slow 1100mV 85C Model Setup Summary
  8. Slow 1100mV 85C Model Hold Summary
  9. Slow 1100mV 85C Model Recovery Summary
 10. Slow 1100mV 85C Model Removal Summary
 11. Slow 1100mV 85C Model Minimum Pulse Width Summary
 12. Setup Times
 13. Hold Times
 14. Clock to Output Times
 15. Minimum Clock to Output Times
 16. Slow 1100mV 85C Model Metastability Report
 17. Slow 1100mV 0C Model Fmax Summary
 18. Slow 1100mV 0C Model Setup Summary
 19. Slow 1100mV 0C Model Hold Summary
 20. Slow 1100mV 0C Model Recovery Summary
 21. Slow 1100mV 0C Model Removal Summary
 22. Slow 1100mV 0C Model Minimum Pulse Width Summary
 23. Setup Times
 24. Hold Times
 25. Clock to Output Times
 26. Minimum Clock to Output Times
 27. Slow 1100mV 0C Model Metastability Report
 28. Fast 1100mV 85C Model Setup Summary
 29. Fast 1100mV 85C Model Hold Summary
 30. Fast 1100mV 85C Model Recovery Summary
 31. Fast 1100mV 85C Model Removal Summary
 32. Fast 1100mV 85C Model Minimum Pulse Width Summary
 33. Setup Times
 34. Hold Times
 35. Clock to Output Times
 36. Minimum Clock to Output Times
 37. Fast 1100mV 85C Model Metastability Report
 38. Fast 1100mV 0C Model Setup Summary
 39. Fast 1100mV 0C Model Hold Summary
 40. Fast 1100mV 0C Model Recovery Summary
 41. Fast 1100mV 0C Model Removal Summary
 42. Fast 1100mV 0C Model Minimum Pulse Width Summary
 43. Setup Times
 44. Hold Times
 45. Clock to Output Times
 46. Minimum Clock to Output Times
 47. Fast 1100mV 0C Model Metastability Report
 48. Multicorner Timing Analysis Summary
 49. Setup Times
 50. Hold Times
 51. Clock to Output Times
 52. Minimum Clock to Output Times
 53. Board Trace Model Assignments
 54. Input Transition Times
 55. Signal Integrity Metrics (Slow 1100mv 0c Model)
 56. Signal Integrity Metrics (Slow 1100mv 85c Model)
 57. Signal Integrity Metrics (Fast 1100mv 0c Model)
 58. Signal Integrity Metrics (Fast 1100mv 85c Model)
 59. Setup Transfers
 60. Hold Transfers
 61. Report TCCS
 62. Report RSKM
 63. Unconstrained Paths
 64. TimeQuest Timing Analyzer Messages



----------------
; Legal Notice ;
----------------
Copyright (C) 1991-2013 Altera Corporation
Your use of Altera Corporation's design tools, logic functions 
and other software and tools, and its AMPP partner logic 
functions, and any output files from any of the foregoing 
(including device programming or simulation files), and any 
associated documentation or information are expressly subject 
to the terms and conditions of the Altera Program License 
Subscription Agreement, Altera MegaCore Function License 
Agreement, or other applicable license agreement, including, 
without limitation, that your use is for the sole purpose of 
programming logic devices manufactured by Altera and sold by 
Altera or its authorized distributors.  Please refer to the 
applicable agreement for further details.



+-------------------------------------------------------------------------+
; TimeQuest Timing Analyzer Summary                                       ;
+--------------------+----------------------------------------------------+
; Quartus II Version ; Version 13.0.0 Build 156 04/24/2013 SJ Web Edition ;
; Revision Name      ; shift_register                                     ;
; Device Family      ; Cyclone V                                          ;
; Device Name        ; 5CEBA4F23C7                                        ;
; Timing Models      ; Preliminary                                        ;
; Delay Model        ; Combined                                           ;
; Rise/Fall Delays   ; Enabled                                            ;
+--------------------+----------------------------------------------------+


Parallel compilation was disabled, but you have multiple processors available. Enable parallel compilation to reduce compilation time.
+-------------------------------------+
; Parallel Compilation                ;
+----------------------------+--------+
; Processors                 ; Number ;
+----------------------------+--------+
; Number detected on machine ; 16     ;
; Maximum allowed            ; 1      ;
+----------------------------+--------+


+------------------------------------------------------------------------------------------------------------------------------------------------------------------------------------------+
; Clocks                                                                                                                                                                                   ;
+-------------+------+--------+------------+-------+-------+------------+-----------+-------------+-------+--------+-----------+------------+----------+--------+--------+-----------------+
; Clock Name  ; Type ; Period ; Frequency  ; Rise  ; Fall  ; Duty Cycle ; Divide by ; Multiply by ; Phase ; Offset ; Edge List ; Edge Shift ; Inverted ; Master ; Source ; Targets         ;
+-------------+------+--------+------------+-------+-------+------------+-----------+-------------+-------+--------+-----------+------------+----------+--------+--------+-----------------+
; CLK         ; Base ; 1.000  ; 1000.0 MHz ; 0.000 ; 0.500 ;            ;           ;             ;       ;        ;           ;            ;          ;        ;        ; { CLK }         ;
; CLK_divided ; Base ; 1.000  ; 1000.0 MHz ; 0.000 ; 0.500 ;            ;           ;             ;       ;        ;           ;            ;          ;        ;        ; { CLK_divided } ;
+-------------+------+--------+------------+-------+-------+------------+-----------+-------------+-------+--------+-----------+------------+----------+--------+--------+-----------------+


+----------------------------------------------------------------------------------------------+
; Slow 1100mV 85C Model Fmax Summary                                                           ;
+-------------+-----------------+-------------+------------------------------------------------+
; Fmax        ; Restricted Fmax ; Clock Name  ; Note                                           ;
+-------------+-----------------+-------------+------------------------------------------------+
; 248.14 MHz  ; 248.14 MHz      ; CLK         ;                                                ;
; 1079.91 MHz ; 650.2 MHz       ; CLK_divided ; limit due to minimum period restriction (tmin) ;
+-------------+-----------------+-------------+------------------------------------------------+
This panel reports FMAX for every clock in the design, regardless of the user-specified clock periods.  FMAX is only computed for paths where the source and destination registers or ports are driven by the same clock.  Paths of different clocks, including generated clocks, are ignored.  For paths between a clock and its inversion, FMAX is computed as if the rising and falling edges are scaled along with FMAX, such that the duty cycle (in terms of a percentage) is maintained. Altera recommends that you always use clock constraints and other slack reports for sign-off analysis.


----------------------------------
; Timing Closure Recommendations ;
----------------------------------
HTML report is unavailable in plain text report export.


+--------------------------------------+
; Slow 1100mV 85C Model Setup Summary  ;
+-------------+--------+---------------+
; Clock       ; Slack  ; End Point TNS ;
+-------------+--------+---------------+
; CLK         ; -3.030 ; -90.176       ;
; CLK_divided ; 0.074  ; 0.000         ;
+-------------+--------+---------------+


+--------------------------------------+
; Slow 1100mV 85C Model Hold Summary   ;
+-------------+--------+---------------+
; Clock       ; Slack  ; End Point TNS ;
+-------------+--------+---------------+
; CLK         ; -1.248 ; -1.248        ;
; CLK_divided ; 0.240  ; 0.000         ;
+-------------+--------+---------------+


------------------------------------------
; Slow 1100mV 85C Model Recovery Summary ;
------------------------------------------
No paths to report.


-----------------------------------------
; Slow 1100mV 85C Model Removal Summary ;
-----------------------------------------
No paths to report.


+---------------------------------------------------+
; Slow 1100mV 85C Model Minimum Pulse Width Summary ;
+-------------+--------+----------------------------+
; Clock       ; Slack  ; End Point TNS              ;
+-------------+--------+----------------------------+
; CLK         ; -0.548 ; -25.678                    ;
; CLK_divided ; -0.538 ; -3.093                     ;
+-------------+--------+----------------------------+


+------------------------------------------------------------------------+
; Setup Times                                                            ;
+-----------+-------------+-------+-------+------------+-----------------+
; Data Port ; Clock Port  ; Rise  ; Fall  ; Clock Edge ; Clock Reference ;
+-----------+-------------+-------+-------+------------+-----------------+
; D         ; CLK_divided ; 3.772 ; 3.952 ; Rise       ; CLK_divided     ;
+-----------+-------------+-------+-------+------------+-----------------+


+--------------------------------------------------------------------------+
; Hold Times                                                               ;
+-----------+-------------+--------+--------+------------+-----------------+
; Data Port ; Clock Port  ; Rise   ; Fall   ; Clock Edge ; Clock Reference ;
+-----------+-------------+--------+--------+------------+-----------------+
; D         ; CLK_divided ; -2.882 ; -3.108 ; Rise       ; CLK_divided     ;
+-----------+-------------+--------+--------+------------+-----------------+


+------------------------------------------------------------------------+
; Clock to Output Times                                                  ;
+-----------+-------------+-------+-------+------------+-----------------+
; Data Port ; Clock Port  ; Rise  ; Fall  ; Clock Edge ; Clock Reference ;
+-----------+-------------+-------+-------+------------+-----------------+
; Q0        ; CLK_divided ; 5.137 ; 5.490 ; Rise       ; CLK_divided     ;
; Q1        ; CLK_divided ; 5.100 ; 5.425 ; Rise       ; CLK_divided     ;
; Q2        ; CLK_divided ; 5.201 ; 5.467 ; Rise       ; CLK_divided     ;
; Q3        ; CLK_divided ; 5.220 ; 5.598 ; Rise       ; CLK_divided     ;
+-----------+-------------+-------+-------+------------+-----------------+


+------------------------------------------------------------------------+
; Minimum Clock to Output Times                                          ;
+-----------+-------------+-------+-------+------------+-----------------+
; Data Port ; Clock Port  ; Rise  ; Fall  ; Clock Edge ; Clock Reference ;
+-----------+-------------+-------+-------+------------+-----------------+
; Q0        ; CLK_divided ; 4.694 ; 5.006 ; Rise       ; CLK_divided     ;
; Q1        ; CLK_divided ; 4.661 ; 4.949 ; Rise       ; CLK_divided     ;
; Q2        ; CLK_divided ; 4.736 ; 4.965 ; Rise       ; CLK_divided     ;
; Q3        ; CLK_divided ; 4.751 ; 5.078 ; Rise       ; CLK_divided     ;
+-----------+-------------+-------+-------+------------+-----------------+


----------------------------------------------
; Slow 1100mV 85C Model Metastability Report ;
----------------------------------------------
No synchronizer chains to report.


+----------------------------------------------------------------------------------------------+
; Slow 1100mV 0C Model Fmax Summary                                                            ;
+-------------+-----------------+-------------+------------------------------------------------+
; Fmax        ; Restricted Fmax ; Clock Name  ; Note                                           ;
+-------------+-----------------+-------------+------------------------------------------------+
; 235.9 MHz   ; 235.9 MHz       ; CLK         ;                                                ;
; 1089.32 MHz ; 650.2 MHz       ; CLK_divided ; limit due to minimum period restriction (tmin) ;
+-------------+-----------------+-------------+------------------------------------------------+
This panel reports FMAX for every clock in the design, regardless of the user-specified clock periods.  FMAX is only computed for paths where the source and destination registers or ports are driven by the same clock.  Paths of different clocks, including generated clocks, are ignored.  For paths between a clock and its inversion, FMAX is computed as if the rising and falling edges are scaled along with FMAX, such that the duty cycle (in terms of a percentage) is maintained. Altera recommends that you always use clock constraints and other slack reports for sign-off analysis.


+--------------------------------------+
; Slow 1100mV 0C Model Setup Summary   ;
+-------------+--------+---------------+
; Clock       ; Slack  ; End Point TNS ;
+-------------+--------+---------------+
; CLK         ; -3.239 ; -90.163       ;
; CLK_divided ; 0.082  ; 0.000         ;
+-------------+--------+---------------+


+--------------------------------------+
; Slow 1100mV 0C Model Hold Summary    ;
+-------------+--------+---------------+
; Clock       ; Slack  ; End Point TNS ;
+-------------+--------+---------------+
; CLK         ; -1.200 ; -1.200        ;
; CLK_divided ; 0.206  ; 0.000         ;
+-------------+--------+---------------+


-----------------------------------------
; Slow 1100mV 0C Model Recovery Summary ;
-----------------------------------------
No paths to report.


----------------------------------------
; Slow 1100mV 0C Model Removal Summary ;
----------------------------------------
No paths to report.


+--------------------------------------------------+
; Slow 1100mV 0C Model Minimum Pulse Width Summary ;
+-------------+--------+---------------------------+
; Clock       ; Slack  ; End Point TNS             ;
+-------------+--------+---------------------------+
; CLK         ; -0.581 ; -26.655                   ;
; CLK_divided ; -0.538 ; -3.076                    ;
+-------------+--------+---------------------------+


+------------------------------------------------------------------------+
; Setup Times                                                            ;
+-----------+-------------+-------+-------+------------+-----------------+
; Data Port ; Clock Port  ; Rise  ; Fall  ; Clock Edge ; Clock Reference ;
+-----------+-------------+-------+-------+------------+-----------------+
; D         ; CLK_divided ; 3.697 ; 3.998 ; Rise       ; CLK_divided     ;
+-----------+-------------+-------+-------+------------+-----------------+


+--------------------------------------------------------------------------+
; Hold Times                                                               ;
+-----------+-------------+--------+--------+------------+-----------------+
; Data Port ; Clock Port  ; Rise   ; Fall   ; Clock Edge ; Clock Reference ;
+-----------+-------------+--------+--------+------------+-----------------+
; D         ; CLK_divided ; -2.828 ; -3.147 ; Rise       ; CLK_divided     ;
+-----------+-------------+--------+--------+------------+-----------------+


+------------------------------------------------------------------------+
; Clock to Output Times                                                  ;
+-----------+-------------+-------+-------+------------+-----------------+
; Data Port ; Clock Port  ; Rise  ; Fall  ; Clock Edge ; Clock Reference ;
+-----------+-------------+-------+-------+------------+-----------------+
; Q0        ; CLK_divided ; 4.914 ; 5.223 ; Rise       ; CLK_divided     ;
; Q1        ; CLK_divided ; 4.872 ; 5.158 ; Rise       ; CLK_divided     ;
; Q2        ; CLK_divided ; 4.949 ; 5.207 ; Rise       ; CLK_divided     ;
; Q3        ; CLK_divided ; 4.939 ; 5.325 ; Rise       ; CLK_divided     ;
+-----------+-------------+-------+-------+------------+-----------------+


+------------------------------------------------------------------------+
; Minimum Clock to Output Times                                          ;
+-----------+-------------+-------+-------+------------+-----------------+
; Data Port ; Clock Port  ; Rise  ; Fall  ; Clock Edge ; Clock Reference ;
+-----------+-------------+-------+-------+------------+-----------------+
; Q0        ; CLK_divided ; 4.487 ; 4.760 ; Rise       ; CLK_divided     ;
; Q1        ; CLK_divided ; 4.450 ; 4.703 ; Rise       ; CLK_divided     ;
; Q2        ; CLK_divided ; 4.501 ; 4.723 ; Rise       ; CLK_divided     ;
; Q3        ; CLK_divided ; 4.490 ; 4.826 ; Rise       ; CLK_divided     ;
+-----------+-------------+-------+-------+------------+-----------------+


---------------------------------------------
; Slow 1100mV 0C Model Metastability Report ;
---------------------------------------------
No synchronizer chains to report.


+--------------------------------------+
; Fast 1100mV 85C Model Setup Summary  ;
+-------------+--------+---------------+
; Clock       ; Slack  ; End Point TNS ;
+-------------+--------+---------------+
; CLK         ; -1.330 ; -28.222       ;
; CLK_divided ; 0.496  ; 0.000         ;
+-------------+--------+---------------+


+--------------------------------------+
; Fast 1100mV 85C Model Hold Summary   ;
+-------------+--------+---------------+
; Clock       ; Slack  ; End Point TNS ;
+-------------+--------+---------------+
; CLK         ; -0.575 ; -0.575        ;
; CLK_divided ; 0.064  ; 0.000         ;
+-------------+--------+---------------+


------------------------------------------
; Fast 1100mV 85C Model Recovery Summary ;
------------------------------------------
No paths to report.


-----------------------------------------
; Fast 1100mV 85C Model Removal Summary ;
-----------------------------------------
No paths to report.


+---------------------------------------------------+
; Fast 1100mV 85C Model Minimum Pulse Width Summary ;
+-------------+--------+----------------------------+
; Clock       ; Slack  ; End Point TNS              ;
+-------------+--------+----------------------------+
; CLK         ; -0.497 ; -3.521                     ;
; CLK_divided ; 0.148  ; 0.000                      ;
+-------------+--------+----------------------------+


+------------------------------------------------------------------------+
; Setup Times                                                            ;
+-----------+-------------+-------+-------+------------+-----------------+
; Data Port ; Clock Port  ; Rise  ; Fall  ; Clock Edge ; Clock Reference ;
+-----------+-------------+-------+-------+------------+-----------------+
; D         ; CLK_divided ; 1.844 ; 2.454 ; Rise       ; CLK_divided     ;
+-----------+-------------+-------+-------+------------+-----------------+


+--------------------------------------------------------------------------+
; Hold Times                                                               ;
+-----------+-------------+--------+--------+------------+-----------------+
; Data Port ; Clock Port  ; Rise   ; Fall   ; Clock Edge ; Clock Reference ;
+-----------+-------------+--------+--------+------------+-----------------+
; D         ; CLK_divided ; -1.399 ; -2.009 ; Rise       ; CLK_divided     ;
+-----------+-------------+--------+--------+------------+-----------------+


+------------------------------------------------------------------------+
; Clock to Output Times                                                  ;
+-----------+-------------+-------+-------+------------+-----------------+
; Data Port ; Clock Port  ; Rise  ; Fall  ; Clock Edge ; Clock Reference ;
+-----------+-------------+-------+-------+------------+-----------------+
; Q0        ; CLK_divided ; 3.011 ; 3.275 ; Rise       ; CLK_divided     ;
; Q1        ; CLK_divided ; 2.988 ; 3.231 ; Rise       ; CLK_divided     ;
; Q2        ; CLK_divided ; 3.010 ; 3.238 ; Rise       ; CLK_divided     ;
; Q3        ; CLK_divided ; 3.059 ; 3.388 ; Rise       ; CLK_divided     ;
+-----------+-------------+-------+-------+------------+-----------------+


+------------------------------------------------------------------------+
; Minimum Clock to Output Times                                          ;
+-----------+-------------+-------+-------+------------+-----------------+
; Data Port ; Clock Port  ; Rise  ; Fall  ; Clock Edge ; Clock Reference ;
+-----------+-------------+-------+-------+------------+-----------------+
; Q0        ; CLK_divided ; 2.753 ; 2.985 ; Rise       ; CLK_divided     ;
; Q1        ; CLK_divided ; 2.733 ; 2.947 ; Rise       ; CLK_divided     ;
; Q2        ; CLK_divided ; 2.743 ; 2.941 ; Rise       ; CLK_divided     ;
; Q3        ; CLK_divided ; 2.786 ; 3.072 ; Rise       ; CLK_divided     ;
+-----------+-------------+-------+-------+------------+-----------------+


----------------------------------------------
; Fast 1100mV 85C Model Metastability Report ;
----------------------------------------------
No synchronizer chains to report.


+--------------------------------------+
; Fast 1100mV 0C Model Setup Summary   ;
+-------------+--------+---------------+
; Clock       ; Slack  ; End Point TNS ;
+-------------+--------+---------------+
; CLK         ; -1.321 ; -23.889       ;
; CLK_divided ; 0.519  ; 0.000         ;
+-------------+--------+---------------+


+--------------------------------------+
; Fast 1100mV 0C Model Hold Summary    ;
+-------------+--------+---------------+
; Clock       ; Slack  ; End Point TNS ;
+-------------+--------+---------------+
; CLK         ; -0.518 ; -0.518        ;
; CLK_divided ; 0.049  ; 0.000         ;
+-------------+--------+---------------+


-----------------------------------------
; Fast 1100mV 0C Model Recovery Summary ;
-----------------------------------------
No paths to report.


----------------------------------------
; Fast 1100mV 0C Model Removal Summary ;
----------------------------------------
No paths to report.


+--------------------------------------------------+
; Fast 1100mV 0C Model Minimum Pulse Width Summary ;
+-------------+--------+---------------------------+
; Clock       ; Slack  ; End Point TNS             ;
+-------------+--------+---------------------------+
; CLK         ; -0.494 ; -3.641                    ;
; CLK_divided ; 0.143  ; 0.000                     ;
+-------------+--------+---------------------------+


+------------------------------------------------------------------------+
; Setup Times                                                            ;
+-----------+-------------+-------+-------+------------+-----------------+
; Data Port ; Clock Port  ; Rise  ; Fall  ; Clock Edge ; Clock Reference ;
+-----------+-------------+-------+-------+------------+-----------------+
; D         ; CLK_divided ; 1.713 ; 2.339 ; Rise       ; CLK_divided     ;
+-----------+-------------+-------+-------+------------+-----------------+


+--------------------------------------------------------------------------+
; Hold Times                                                               ;
+-----------+-------------+--------+--------+------------+-----------------+
; Data Port ; Clock Port  ; Rise   ; Fall   ; Clock Edge ; Clock Reference ;
+-----------+-------------+--------+--------+------------+-----------------+
; D         ; CLK_divided ; -1.297 ; -1.916 ; Rise       ; CLK_divided     ;
+-----------+-------------+--------+--------+------------+-----------------+


+------------------------------------------------------------------------+
; Clock to Output Times                                                  ;
+-----------+-------------+-------+-------+------------+-----------------+
; Data Port ; Clock Port  ; Rise  ; Fall  ; Clock Edge ; Clock Reference ;
+-----------+-------------+-------+-------+------------+-----------------+
; Q0        ; CLK_divided ; 2.766 ; 2.968 ; Rise       ; CLK_divided     ;
; Q1        ; CLK_divided ; 2.743 ; 2.930 ; Rise       ; CLK_divided     ;
; Q2        ; CLK_divided ; 2.752 ; 2.929 ; Rise       ; CLK_divided     ;
; Q3        ; CLK_divided ; 2.787 ; 3.044 ; Rise       ; CLK_divided     ;
+-----------+-------------+-------+-------+------------+-----------------+


+------------------------------------------------------------------------+
; Minimum Clock to Output Times                                          ;
+-----------+-------------+-------+-------+------------+-----------------+
; Data Port ; Clock Port  ; Rise  ; Fall  ; Clock Edge ; Clock Reference ;
+-----------+-------------+-------+-------+------------+-----------------+
; Q0        ; CLK_divided ; 2.520 ; 2.696 ; Rise       ; CLK_divided     ;
; Q1        ; CLK_divided ; 2.500 ; 2.663 ; Rise       ; CLK_divided     ;
; Q2        ; CLK_divided ; 2.498 ; 2.650 ; Rise       ; CLK_divided     ;
; Q3        ; CLK_divided ; 2.528 ; 2.750 ; Rise       ; CLK_divided     ;
+-----------+-------------+-------+-------+------------+-----------------+


---------------------------------------------
; Fast 1100mV 0C Model Metastability Report ;
---------------------------------------------
No synchronizer chains to report.


+--------------------------------------------------------------------------------+
; Multicorner Timing Analysis Summary                                            ;
+------------------+---------+--------+----------+---------+---------------------+
; Clock            ; Setup   ; Hold   ; Recovery ; Removal ; Minimum Pulse Width ;
+------------------+---------+--------+----------+---------+---------------------+
; Worst-case Slack ; -3.239  ; -1.248 ; N/A      ; N/A     ; -0.581              ;
;  CLK             ; -3.239  ; -1.248 ; N/A      ; N/A     ; -0.581              ;
;  CLK_divided     ; 0.074   ; 0.049  ; N/A      ; N/A     ; -0.538              ;
; Design-wide TNS  ; -90.176 ; -1.248 ; 0.0      ; 0.0     ; -29.731             ;
;  CLK             ; -90.176 ; -1.248 ; N/A      ; N/A     ; -26.655             ;
;  CLK_divided     ; 0.000   ; 0.000  ; N/A      ; N/A     ; -3.093              ;
+------------------+---------+--------+----------+---------+---------------------+


+------------------------------------------------------------------------+
; Setup Times                                                            ;
+-----------+-------------+-------+-------+------------+-----------------+
; Data Port ; Clock Port  ; Rise  ; Fall  ; Clock Edge ; Clock Reference ;
+-----------+-------------+-------+-------+------------+-----------------+
; D         ; CLK_divided ; 3.772 ; 3.998 ; Rise       ; CLK_divided     ;
+-----------+-------------+-------+-------+------------+-----------------+


+--------------------------------------------------------------------------+
; Hold Times                                                               ;
+-----------+-------------+--------+--------+------------+-----------------+
; Data Port ; Clock Port  ; Rise   ; Fall   ; Clock Edge ; Clock Reference ;
+-----------+-------------+--------+--------+------------+-----------------+
; D         ; CLK_divided ; -1.297 ; -1.916 ; Rise       ; CLK_divided     ;
+-----------+-------------+--------+--------+------------+-----------------+


+------------------------------------------------------------------------+
; Clock to Output Times                                                  ;
+-----------+-------------+-------+-------+------------+-----------------+
; Data Port ; Clock Port  ; Rise  ; Fall  ; Clock Edge ; Clock Reference ;
+-----------+-------------+-------+-------+------------+-----------------+
; Q0        ; CLK_divided ; 5.137 ; 5.490 ; Rise       ; CLK_divided     ;
; Q1        ; CLK_divided ; 5.100 ; 5.425 ; Rise       ; CLK_divided     ;
; Q2        ; CLK_divided ; 5.201 ; 5.467 ; Rise       ; CLK_divided     ;
; Q3        ; CLK_divided ; 5.220 ; 5.598 ; Rise       ; CLK_divided     ;
+-----------+-------------+-------+-------+------------+-----------------+


+------------------------------------------------------------------------+
; Minimum Clock to Output Times                                          ;
+-----------+-------------+-------+-------+------------+-----------------+
; Data Port ; Clock Port  ; Rise  ; Fall  ; Clock Edge ; Clock Reference ;
+-----------+-------------+-------+-------+------------+-----------------+
; Q0        ; CLK_divided ; 2.520 ; 2.696 ; Rise       ; CLK_divided     ;
; Q1        ; CLK_divided ; 2.500 ; 2.663 ; Rise       ; CLK_divided     ;
; Q2        ; CLK_divided ; 2.498 ; 2.650 ; Rise       ; CLK_divided     ;
; Q3        ; CLK_divided ; 2.528 ; 2.750 ; Rise       ; CLK_divided     ;
+-----------+-------------+-------+-------+------------+-----------------+


+--------------------------------------------------------------------------------------------------------------------------------------------------------------------------------------------------------------------------------------------------------------------------------------------------------------------------------------------------------------------------------------------------------+
; Board Trace Model Assignments                                                                                                                                                                                                                                                                                                                                                                          ;
+-----+--------------+-------------------+-------------------------+-------------------------+---------------+---------------------+----------------+------------------+--------+------------------+------------------------+------------------------+--------------+---------------+-----------------+-------+---------------------+--------------------+---------------+-----------------+-------------+
; Pin ; I/O Standard ; Near Tline Length ; Near Tline L per Length ; Near Tline C per Length ; Near Series R ; Near Differential R ; Near Pull-up R ; Near Pull-down R ; Near C ; Far Tline Length ; Far Tline L per Length ; Far Tline C per Length ; Far Series R ; Far Pull-up R ; Far Pull-down R ; Far C ; Termination Voltage ; Far Differential R ; EBD File Name ; EBD Signal Name ; EBD Far-end ;
+-----+--------------+-------------------+-------------------------+-------------------------+---------------+---------------------+----------------+------------------+--------+------------------+------------------------+------------------------+--------------+---------------+-----------------+-------+---------------------+--------------------+---------------+-----------------+-------------+
; Q0  ; 2.5 V        ; 0 in              ; 0 H/in                  ; 0 F/in                  ; short         ; -                   ; open           ; open             ; open   ; 0 in             ; 0 H/in                 ; 0 F/in                 ; short        ; open          ; open            ; open  ; 0 V                 ; -                  ; n/a           ; n/a             ; n/a         ;
; Q1  ; 2.5 V        ; 0 in              ; 0 H/in                  ; 0 F/in                  ; short         ; -                   ; open           ; open             ; open   ; 0 in             ; 0 H/in                 ; 0 F/in                 ; short        ; open          ; open            ; open  ; 0 V                 ; -                  ; n/a           ; n/a             ; n/a         ;
; Q2  ; 2.5 V        ; 0 in              ; 0 H/in                  ; 0 F/in                  ; short         ; -                   ; open           ; open             ; open   ; 0 in             ; 0 H/in                 ; 0 F/in                 ; short        ; open          ; open            ; open  ; 0 V                 ; -                  ; n/a           ; n/a             ; n/a         ;
; Q3  ; 2.5 V        ; 0 in              ; 0 H/in                  ; 0 F/in                  ; short         ; -                   ; open           ; open             ; open   ; 0 in             ; 0 H/in                 ; 0 F/in                 ; short        ; open          ; open            ; open  ; 0 V                 ; -                  ; n/a           ; n/a             ; n/a         ;
+-----+--------------+-------------------+-------------------------+-------------------------+---------------+---------------------+----------------+------------------+--------+------------------+------------------------+------------------------+--------------+---------------+-----------------+-------+---------------------+--------------------+---------------+-----------------+-------------+


+--------------------------------------------------------+
; Input Transition Times                                 ;
+-----+--------------+-----------------+-----------------+
; Pin ; I/O Standard ; 10-90 Rise Time ; 90-10 Fall Time ;
+-----+--------------+-----------------+-----------------+
; D   ; 2.5 V        ; 2000 ps         ; 2000 ps         ;
; CLK ; 2.5 V        ; 2000 ps         ; 2000 ps         ;
+-----+--------------+-----------------+-----------------+


+----------------------------------------------------------------------------------------------------------------------------------------------------------------------------------------------------------------------------------------------------------------------------------------------------------------------------------------------------------------------------------------------------------------------------------------------------------------------------------------------------------------------------------------------------------------------------------------------------------------------------------------------------------------------------------+
; Signal Integrity Metrics (Slow 1100mv 0c Model)                                                                                                                                                                                                                                                                                                                                                                                                                                                                                                                                                                                                                                  ;
+-----+--------------+---------------------+---------------------+------------------------------+------------------------------+---------------------+---------------------+--------------------------------------+--------------------------------------+-----------------------------+-----------------------------+----------------------------+----------------------------+-----------------------------+-----------------------------+--------------------+--------------------+-------------------------------------+-------------------------------------+----------------------------+----------------------------+---------------------------+---------------------------+
; Pin ; I/O Standard ; Board Delay on Rise ; Board Delay on Fall ; Steady State Voh at FPGA Pin ; Steady State Vol at FPGA Pin ; Voh Max at FPGA Pin ; Vol Min at FPGA Pin ; Ringback Voltage on Rise at FPGA Pin ; Ringback Voltage on Fall at FPGA Pin ; 10-90 Rise Time at FPGA Pin ; 90-10 Fall Time at FPGA Pin ; Monotonic Rise at FPGA Pin ; Monotonic Fall at FPGA Pin ; Steady State Voh at Far-end ; Steady State Vol at Far-end ; Voh Max at Far-end ; Vol Min at Far-end ; Ringback Voltage on Rise at Far-end ; Ringback Voltage on Fall at Far-end ; 10-90 Rise Time at Far-end ; 90-10 Fall Time at Far-end ; Monotonic Rise at Far-end ; Monotonic Fall at Far-end ;
+-----+--------------+---------------------+---------------------+------------------------------+------------------------------+---------------------+---------------------+--------------------------------------+--------------------------------------+-----------------------------+-----------------------------+----------------------------+----------------------------+-----------------------------+-----------------------------+--------------------+--------------------+-------------------------------------+-------------------------------------+----------------------------+----------------------------+---------------------------+---------------------------+
; Q0  ; 2.5 V        ; 0 s                 ; 0 s                 ; 2.32 V                       ; 2e-07 V                      ; 2.43 V              ; -0.064 V            ; 0.267 V                              ; 0.216 V                              ; 2.8e-10 s                   ; 2.93e-10 s                  ; No                         ; Yes                        ; 2.32 V                      ; 2e-07 V                     ; 2.43 V             ; -0.064 V           ; 0.267 V                             ; 0.216 V                             ; 2.8e-10 s                  ; 2.93e-10 s                 ; No                        ; Yes                       ;
; Q1  ; 2.5 V        ; 0 s                 ; 0 s                 ; 2.32 V                       ; 2e-07 V                      ; 2.43 V              ; -0.064 V            ; 0.267 V                              ; 0.216 V                              ; 2.8e-10 s                   ; 2.93e-10 s                  ; No                         ; Yes                        ; 2.32 V                      ; 2e-07 V                     ; 2.43 V             ; -0.064 V           ; 0.267 V                             ; 0.216 V                             ; 2.8e-10 s                  ; 2.93e-10 s                 ; No                        ; Yes                       ;
; Q2  ; 2.5 V        ; 0 s                 ; 0 s                 ; 2.32 V                       ; 1.84e-07 V                   ; 2.36 V              ; -0.0298 V           ; 0.251 V                              ; 0.058 V                              ; 3.06e-10 s                  ; 3.27e-10 s                  ; No                         ; Yes                        ; 2.32 V                      ; 1.84e-07 V                  ; 2.36 V             ; -0.0298 V          ; 0.251 V                             ; 0.058 V                             ; 3.06e-10 s                 ; 3.27e-10 s                 ; No                        ; Yes                       ;
; Q3  ; 2.5 V        ; 0 s                 ; 0 s                 ; 2.32 V                       ; 2.02e-07 V                   ; 2.41 V              ; -0.0534 V           ; 0.332 V                              ; 0.097 V                              ; 3.11e-10 s                  ; 4.18e-10 s                  ; No                         ; No                         ; 2.32 V                      ; 2.02e-07 V                  ; 2.41 V             ; -0.0534 V          ; 0.332 V                             ; 0.097 V                             ; 3.11e-10 s                 ; 4.18e-10 s                 ; No                        ; No                        ;
+-----+--------------+---------------------+---------------------+------------------------------+------------------------------+---------------------+---------------------+--------------------------------------+--------------------------------------+-----------------------------+-----------------------------+----------------------------+----------------------------+-----------------------------+-----------------------------+--------------------+--------------------+-------------------------------------+-------------------------------------+----------------------------+----------------------------+---------------------------+---------------------------+


+----------------------------------------------------------------------------------------------------------------------------------------------------------------------------------------------------------------------------------------------------------------------------------------------------------------------------------------------------------------------------------------------------------------------------------------------------------------------------------------------------------------------------------------------------------------------------------------------------------------------------------------------------------------------------------+
; Signal Integrity Metrics (Slow 1100mv 85c Model)                                                                                                                                                                                                                                                                                                                                                                                                                                                                                                                                                                                                                                 ;
+-----+--------------+---------------------+---------------------+------------------------------+------------------------------+---------------------+---------------------+--------------------------------------+--------------------------------------+-----------------------------+-----------------------------+----------------------------+----------------------------+-----------------------------+-----------------------------+--------------------+--------------------+-------------------------------------+-------------------------------------+----------------------------+----------------------------+---------------------------+---------------------------+
; Pin ; I/O Standard ; Board Delay on Rise ; Board Delay on Fall ; Steady State Voh at FPGA Pin ; Steady State Vol at FPGA Pin ; Voh Max at FPGA Pin ; Vol Min at FPGA Pin ; Ringback Voltage on Rise at FPGA Pin ; Ringback Voltage on Fall at FPGA Pin ; 10-90 Rise Time at FPGA Pin ; 90-10 Fall Time at FPGA Pin ; Monotonic Rise at FPGA Pin ; Monotonic Fall at FPGA Pin ; Steady State Voh at Far-end ; Steady State Vol at Far-end ; Voh Max at Far-end ; Vol Min at Far-end ; Ringback Voltage on Rise at Far-end ; Ringback Voltage on Fall at Far-end ; 10-90 Rise Time at Far-end ; 90-10 Fall Time at Far-end ; Monotonic Rise at Far-end ; Monotonic Fall at Far-end ;
+-----+--------------+---------------------+---------------------+------------------------------+------------------------------+---------------------+---------------------+--------------------------------------+--------------------------------------+-----------------------------+-----------------------------+----------------------------+----------------------------+-----------------------------+-----------------------------+--------------------+--------------------+-------------------------------------+-------------------------------------+----------------------------+----------------------------+---------------------------+---------------------------+
; Q0  ; 2.5 V        ; 0 s                 ; 0 s                 ; 2.32 V                       ; 1.72e-05 V                   ; 2.41 V              ; -0.0524 V           ; 0.29 V                               ; 0.091 V                              ; 3e-10 s                     ; 4.08e-10 s                  ; No                         ; No                         ; 2.32 V                      ; 1.72e-05 V                  ; 2.41 V             ; -0.0524 V          ; 0.29 V                              ; 0.091 V                             ; 3e-10 s                    ; 4.08e-10 s                 ; No                        ; No                        ;
; Q1  ; 2.5 V        ; 0 s                 ; 0 s                 ; 2.32 V                       ; 1.72e-05 V                   ; 2.41 V              ; -0.0524 V           ; 0.29 V                               ; 0.091 V                              ; 3e-10 s                     ; 4.08e-10 s                  ; No                         ; No                         ; 2.32 V                      ; 1.72e-05 V                  ; 2.41 V             ; -0.0524 V          ; 0.29 V                              ; 0.091 V                             ; 3e-10 s                    ; 4.08e-10 s                 ; No                        ; No                        ;
; Q2  ; 2.5 V        ; 0 s                 ; 0 s                 ; 2.32 V                       ; 1.6e-05 V                    ; 2.35 V              ; -0.0189 V           ; 0.096 V                              ; 0.065 V                              ; 4.28e-10 s                  ; 4.09e-10 s                  ; No                         ; Yes                        ; 2.32 V                      ; 1.6e-05 V                   ; 2.35 V             ; -0.0189 V          ; 0.096 V                             ; 0.065 V                             ; 4.28e-10 s                 ; 4.09e-10 s                 ; No                        ; Yes                       ;
; Q3  ; 2.5 V        ; 0 s                 ; 0 s                 ; 2.32 V                       ; 1.73e-05 V                   ; 2.39 V              ; -0.0422 V           ; 0.157 V                              ; 0.106 V                              ; 4.48e-10 s                  ; 4.35e-10 s                  ; No                         ; Yes                        ; 2.32 V                      ; 1.73e-05 V                  ; 2.39 V             ; -0.0422 V          ; 0.157 V                             ; 0.106 V                             ; 4.48e-10 s                 ; 4.35e-10 s                 ; No                        ; Yes                       ;
+-----+--------------+---------------------+---------------------+------------------------------+------------------------------+---------------------+---------------------+--------------------------------------+--------------------------------------+-----------------------------+-----------------------------+----------------------------+----------------------------+-----------------------------+-----------------------------+--------------------+--------------------+-------------------------------------+-------------------------------------+----------------------------+----------------------------+---------------------------+---------------------------+


+----------------------------------------------------------------------------------------------------------------------------------------------------------------------------------------------------------------------------------------------------------------------------------------------------------------------------------------------------------------------------------------------------------------------------------------------------------------------------------------------------------------------------------------------------------------------------------------------------------------------------------------------------------------------------------+
; Signal Integrity Metrics (Fast 1100mv 0c Model)                                                                                                                                                                                                                                                                                                                                                                                                                                                                                                                                                                                                                                  ;
+-----+--------------+---------------------+---------------------+------------------------------+------------------------------+---------------------+---------------------+--------------------------------------+--------------------------------------+-----------------------------+-----------------------------+----------------------------+----------------------------+-----------------------------+-----------------------------+--------------------+--------------------+-------------------------------------+-------------------------------------+----------------------------+----------------------------+---------------------------+---------------------------+
; Pin ; I/O Standard ; Board Delay on Rise ; Board Delay on Fall ; Steady State Voh at FPGA Pin ; Steady State Vol at FPGA Pin ; Voh Max at FPGA Pin ; Vol Min at FPGA Pin ; Ringback Voltage on Rise at FPGA Pin ; Ringback Voltage on Fall at FPGA Pin ; 10-90 Rise Time at FPGA Pin ; 90-10 Fall Time at FPGA Pin ; Monotonic Rise at FPGA Pin ; Monotonic Fall at FPGA Pin ; Steady State Voh at Far-end ; Steady State Vol at Far-end ; Voh Max at Far-end ; Vol Min at Far-end ; Ringback Voltage on Rise at Far-end ; Ringback Voltage on Fall at Far-end ; 10-90 Rise Time at Far-end ; 90-10 Fall Time at Far-end ; Monotonic Rise at Far-end ; Monotonic Fall at Far-end ;
+-----+--------------+---------------------+---------------------+------------------------------+------------------------------+---------------------+---------------------+--------------------------------------+--------------------------------------+-----------------------------+-----------------------------+----------------------------+----------------------------+-----------------------------+-----------------------------+--------------------+--------------------+-------------------------------------+-------------------------------------+----------------------------+----------------------------+---------------------------+---------------------------+
; Q0  ; 2.5 V        ; 0 s                 ; 0 s                 ; 2.75 V                       ; 3.81e-06 V                   ; 2.94 V              ; -0.129 V            ; 0.268 V                              ; 0.195 V                              ; 2.55e-10 s                  ; 2.42e-10 s                  ; No                         ; Yes                        ; 2.75 V                      ; 3.81e-06 V                  ; 2.94 V             ; -0.129 V           ; 0.268 V                             ; 0.195 V                             ; 2.55e-10 s                 ; 2.42e-10 s                 ; No                        ; Yes                       ;
; Q1  ; 2.5 V        ; 0 s                 ; 0 s                 ; 2.75 V                       ; 3.81e-06 V                   ; 2.94 V              ; -0.129 V            ; 0.268 V                              ; 0.195 V                              ; 2.55e-10 s                  ; 2.42e-10 s                  ; No                         ; Yes                        ; 2.75 V                      ; 3.81e-06 V                  ; 2.94 V             ; -0.129 V           ; 0.268 V                             ; 0.195 V                             ; 2.55e-10 s                 ; 2.42e-10 s                 ; No                        ; Yes                       ;
; Q2  ; 2.5 V        ; 0 s                 ; 0 s                 ; 2.75 V                       ; 3.44e-06 V                   ; 2.84 V              ; -0.0791 V           ; 0.195 V                              ; 0.16 V                               ; 2.6e-10 s                   ; 2.49e-10 s                  ; No                         ; Yes                        ; 2.75 V                      ; 3.44e-06 V                  ; 2.84 V             ; -0.0791 V          ; 0.195 V                             ; 0.16 V                              ; 2.6e-10 s                  ; 2.49e-10 s                 ; No                        ; Yes                       ;
; Q3  ; 2.5 V        ; 0 s                 ; 0 s                 ; 2.75 V                       ; 3.84e-06 V                   ; 2.92 V              ; -0.122 V            ; 0.296 V                              ; 0.239 V                              ; 2.64e-10 s                  ; 2.58e-10 s                  ; No                         ; Yes                        ; 2.75 V                      ; 3.84e-06 V                  ; 2.92 V             ; -0.122 V           ; 0.296 V                             ; 0.239 V                             ; 2.64e-10 s                 ; 2.58e-10 s                 ; No                        ; Yes                       ;
+-----+--------------+---------------------+---------------------+------------------------------+------------------------------+---------------------+---------------------+--------------------------------------+--------------------------------------+-----------------------------+-----------------------------+----------------------------+----------------------------+-----------------------------+-----------------------------+--------------------+--------------------+-------------------------------------+-------------------------------------+----------------------------+----------------------------+---------------------------+---------------------------+


+----------------------------------------------------------------------------------------------------------------------------------------------------------------------------------------------------------------------------------------------------------------------------------------------------------------------------------------------------------------------------------------------------------------------------------------------------------------------------------------------------------------------------------------------------------------------------------------------------------------------------------------------------------------------------------+
; Signal Integrity Metrics (Fast 1100mv 85c Model)                                                                                                                                                                                                                                                                                                                                                                                                                                                                                                                                                                                                                                 ;
+-----+--------------+---------------------+---------------------+------------------------------+------------------------------+---------------------+---------------------+--------------------------------------+--------------------------------------+-----------------------------+-----------------------------+----------------------------+----------------------------+-----------------------------+-----------------------------+--------------------+--------------------+-------------------------------------+-------------------------------------+----------------------------+----------------------------+---------------------------+---------------------------+
; Pin ; I/O Standard ; Board Delay on Rise ; Board Delay on Fall ; Steady State Voh at FPGA Pin ; Steady State Vol at FPGA Pin ; Voh Max at FPGA Pin ; Vol Min at FPGA Pin ; Ringback Voltage on Rise at FPGA Pin ; Ringback Voltage on Fall at FPGA Pin ; 10-90 Rise Time at FPGA Pin ; 90-10 Fall Time at FPGA Pin ; Monotonic Rise at FPGA Pin ; Monotonic Fall at FPGA Pin ; Steady State Voh at Far-end ; Steady State Vol at Far-end ; Voh Max at Far-end ; Vol Min at Far-end ; Ringback Voltage on Rise at Far-end ; Ringback Voltage on Fall at Far-end ; 10-90 Rise Time at Far-end ; 90-10 Fall Time at Far-end ; Monotonic Rise at Far-end ; Monotonic Fall at Far-end ;
+-----+--------------+---------------------+---------------------+------------------------------+------------------------------+---------------------+---------------------+--------------------------------------+--------------------------------------+-----------------------------+-----------------------------+----------------------------+----------------------------+-----------------------------+-----------------------------+--------------------+--------------------+-------------------------------------+-------------------------------------+----------------------------+----------------------------+---------------------------+---------------------------+
; Q0  ; 2.5 V        ; 0 s                 ; 0 s                 ; 2.75 V                       ; 0.000225 V                   ; 2.88 V              ; -0.0968 V           ; 0.26 V                               ; 0.244 V                              ; 2.67e-10 s                  ; 2.67e-10 s                  ; Yes                        ; Yes                        ; 2.75 V                      ; 0.000225 V                  ; 2.88 V             ; -0.0968 V          ; 0.26 V                              ; 0.244 V                             ; 2.67e-10 s                 ; 2.67e-10 s                 ; Yes                       ; Yes                       ;
; Q1  ; 2.5 V        ; 0 s                 ; 0 s                 ; 2.75 V                       ; 0.000225 V                   ; 2.88 V              ; -0.0968 V           ; 0.26 V                               ; 0.244 V                              ; 2.67e-10 s                  ; 2.67e-10 s                  ; Yes                        ; Yes                        ; 2.75 V                      ; 0.000225 V                  ; 2.88 V             ; -0.0968 V          ; 0.26 V                              ; 0.244 V                             ; 2.67e-10 s                 ; 2.67e-10 s                 ; Yes                       ; Yes                       ;
; Q2  ; 2.5 V        ; 0 s                 ; 0 s                 ; 2.75 V                       ; 0.000207 V                   ; 2.8 V               ; -0.0452 V           ; 0.218 V                              ; 0.225 V                              ; 2.78e-10 s                  ; 2.84e-10 s                  ; Yes                        ; Yes                        ; 2.75 V                      ; 0.000207 V                  ; 2.8 V              ; -0.0452 V          ; 0.218 V                             ; 0.225 V                             ; 2.78e-10 s                 ; 2.84e-10 s                 ; Yes                       ; Yes                       ;
; Q3  ; 2.5 V        ; 0 s                 ; 0 s                 ; 2.75 V                       ; 0.000227 V                   ; 2.87 V              ; -0.089 V            ; 0.306 V                              ; 0.314 V                              ; 2.81e-10 s                  ; 2.98e-10 s                  ; No                         ; No                         ; 2.75 V                      ; 0.000227 V                  ; 2.87 V             ; -0.089 V           ; 0.306 V                             ; 0.314 V                             ; 2.81e-10 s                 ; 2.98e-10 s                 ; No                        ; No                        ;
+-----+--------------+---------------------+---------------------+------------------------------+------------------------------+---------------------+---------------------+--------------------------------------+--------------------------------------+-----------------------------+-----------------------------+----------------------------+----------------------------+-----------------------------+-----------------------------+--------------------+--------------------+-------------------------------------+-------------------------------------+----------------------------+----------------------------+---------------------------+---------------------------+


+-----------------------------------------------------------------------+
; Setup Transfers                                                       ;
+-------------+-------------+----------+----------+----------+----------+
; From Clock  ; To Clock    ; RR Paths ; FR Paths ; RF Paths ; FF Paths ;
+-------------+-------------+----------+----------+----------+----------+
; CLK         ; CLK         ; 1584     ; 0        ; 0        ; 0        ;
; CLK_divided ; CLK         ; 1        ; 1        ; 0        ; 0        ;
; CLK_divided ; CLK_divided ; 3        ; 0        ; 0        ; 0        ;
+-------------+-------------+----------+----------+----------+----------+
Entries labeled "false path" only account for clock-to-clock false paths and not path-based false paths. As a result, actual path counts may be lower than reported.


+-----------------------------------------------------------------------+
; Hold Transfers                                                        ;
+-------------+-------------+----------+----------+----------+----------+
; From Clock  ; To Clock    ; RR Paths ; FR Paths ; RF Paths ; FF Paths ;
+-------------+-------------+----------+----------+----------+----------+
; CLK         ; CLK         ; 1584     ; 0        ; 0        ; 0        ;
; CLK_divided ; CLK         ; 1        ; 1        ; 0        ; 0        ;
; CLK_divided ; CLK_divided ; 3        ; 0        ; 0        ; 0        ;
+-------------+-------------+----------+----------+----------+----------+
Entries labeled "false path" only account for clock-to-clock false paths and not path-based false paths. As a result, actual path counts may be lower than reported.


---------------
; Report TCCS ;
---------------
No dedicated SERDES Transmitter circuitry present in device or used in design


---------------
; Report RSKM ;
---------------
No dedicated SERDES Receiver circuitry present in device or used in design


+------------------------------------------------+
; Unconstrained Paths                            ;
+---------------------------------+-------+------+
; Property                        ; Setup ; Hold ;
+---------------------------------+-------+------+
; Illegal Clocks                  ; 0     ; 0    ;
; Unconstrained Clocks            ; 0     ; 0    ;
; Unconstrained Input Ports       ; 1     ; 1    ;
; Unconstrained Input Port Paths  ; 1     ; 1    ;
; Unconstrained Output Ports      ; 4     ; 4    ;
; Unconstrained Output Port Paths ; 4     ; 4    ;
+---------------------------------+-------+------+


+------------------------------------+
; TimeQuest Timing Analyzer Messages ;
+------------------------------------+
Info: *******************************************************************
Info: Running Quartus II 32-bit TimeQuest Timing Analyzer
    Info: Version 13.0.0 Build 156 04/24/2013 SJ Web Edition
    Info: Processing started: Thu Nov 07 15:09:07 2024
Info: Command: quartus_sta shift_register -c shift_register
Info: qsta_default_script.tcl version: #1
Warning (20028): Parallel compilation is not licensed and has been disabled
Info (21077): Low junction temperature is 0 degrees C
Info (21077): High junction temperature is 85 degrees C
Critical Warning (332012): Synopsys Design Constraints File file not found: 'shift_register.sdc'. A Synopsys Design Constraints File is required by the TimeQuest Timing Analyzer to get proper timing constraints. Without it, the Compiler will not properly optimize the design.
Info (332142): No user constrained base clocks found in the design. Calling "derive_clocks -period 1.0"
Info (332105): Deriving Clocks
    Info (332105): create_clock -period 1.000 -name CLK CLK
    Info (332105): create_clock -period 1.000 -name CLK_divided CLK_divided
Info (332143): No user constrained clock uncertainty found in the design. Calling "derive_clock_uncertainty"
Info (332123): Deriving Clock Uncertainty. Please refer to report_sdc in TimeQuest to see clock uncertainties.
Info: Found TIMEQUEST_REPORT_SCRIPT_INCLUDE_DEFAULT_ANALYSIS = ON
Info: Analyzing Slow 1100mV 85C Model
Critical Warning (332148): Timing requirements not met
    Info (11105): For recommendations on closing timing, run Report Timing Closure Recommendations in the TimeQuest Timing Analyzer.
Info (332146): Worst-case setup slack is -3.030
    Info (332119):     Slack End Point TNS Clock 
    Info (332119): ========= ============= =====================
    Info (332119):    -3.030       -90.176 CLK 
    Info (332119):     0.074         0.000 CLK_divided 
Info (332146): Worst-case hold slack is -1.248
    Info (332119):     Slack End Point TNS Clock 
    Info (332119): ========= ============= =====================
    Info (332119):    -1.248        -1.248 CLK 
    Info (332119):     0.240         0.000 CLK_divided 
Info (332140): No Recovery paths to report
Info (332140): No Removal paths to report
Info (332146): Worst-case minimum pulse width slack is -0.548
    Info (332119):     Slack End Point TNS Clock 
    Info (332119): ========= ============= =====================
    Info (332119):    -0.548       -25.678 CLK 
    Info (332119):    -0.538        -3.093 CLK_divided 
Info: Analyzing Slow 1100mV 0C Model
Info (334003): Started post-fitting delay annotation
Warning (334000): Timing characteristics of device 5CEBA4F23C7 are preliminary
Info (334004): Delay annotation completed successfully
Info (332123): Deriving Clock Uncertainty. Please refer to report_sdc in TimeQuest to see clock uncertainties.
Critical Warning (332148): Timing requirements not met
    Info (11105): For recommendations on closing timing, run Report Timing Closure Recommendations in the TimeQuest Timing Analyzer.
Info (332146): Worst-case setup slack is -3.239
    Info (332119):     Slack End Point TNS Clock 
    Info (332119): ========= ============= =====================
    Info (332119):    -3.239       -90.163 CLK 
    Info (332119):     0.082         0.000 CLK_divided 
Info (332146): Worst-case hold slack is -1.200
    Info (332119):     Slack End Point TNS Clock 
    Info (332119): ========= ============= =====================
    Info (332119):    -1.200        -1.200 CLK 
    Info (332119):     0.206         0.000 CLK_divided 
Info (332140): No Recovery paths to report
Info (332140): No Removal paths to report
Info (332146): Worst-case minimum pulse width slack is -0.581
    Info (332119):     Slack End Point TNS Clock 
    Info (332119): ========= ============= =====================
    Info (332119):    -0.581       -26.655 CLK 
    Info (332119):    -0.538        -3.076 CLK_divided 
Info: Analyzing Fast 1100mV 85C Model
Info (334003): Started post-fitting delay annotation
Warning (334000): Timing characteristics of device 5CEBA4F23C7 are preliminary
Info (334004): Delay annotation completed successfully
Info (332123): Deriving Clock Uncertainty. Please refer to report_sdc in TimeQuest to see clock uncertainties.
Critical Warning (332148): Timing requirements not met
    Info (11105): For recommendations on closing timing, run Report Timing Closure Recommendations in the TimeQuest Timing Analyzer.
Info (332146): Worst-case setup slack is -1.330
    Info (332119):     Slack End Point TNS Clock 
    Info (332119): ========= ============= =====================
    Info (332119):    -1.330       -28.222 CLK 
    Info (332119):     0.496         0.000 CLK_divided 
Info (332146): Worst-case hold slack is -0.575
    Info (332119):     Slack End Point TNS Clock 
    Info (332119): ========= ============= =====================
    Info (332119):    -0.575        -0.575 CLK 
    Info (332119):     0.064         0.000 CLK_divided 
Info (332140): No Recovery paths to report
Info (332140): No Removal paths to report
Info (332146): Worst-case minimum pulse width slack is -0.497
    Info (332119):     Slack End Point TNS Clock 
    Info (332119): ========= ============= =====================
    Info (332119):    -0.497        -3.521 CLK 
    Info (332119):     0.148         0.000 CLK_divided 
Info: Analyzing Fast 1100mV 0C Model
Info (332123): Deriving Clock Uncertainty. Please refer to report_sdc in TimeQuest to see clock uncertainties.
Critical Warning (332148): Timing requirements not met
    Info (11105): For recommendations on closing timing, run Report Timing Closure Recommendations in the TimeQuest Timing Analyzer.
Info (332146): Worst-case setup slack is -1.321
    Info (332119):     Slack End Point TNS Clock 
    Info (332119): ========= ============= =====================
    Info (332119):    -1.321       -23.889 CLK 
    Info (332119):     0.519         0.000 CLK_divided 
Info (332146): Worst-case hold slack is -0.518
    Info (332119):     Slack End Point TNS Clock 
    Info (332119): ========= ============= =====================
    Info (332119):    -0.518        -0.518 CLK 
    Info (332119):     0.049         0.000 CLK_divided 
Info (332140): No Recovery paths to report
Info (332140): No Removal paths to report
Info (332146): Worst-case minimum pulse width slack is -0.494
    Info (332119):     Slack End Point TNS Clock 
    Info (332119): ========= ============= =====================
    Info (332119):    -0.494        -3.641 CLK 
    Info (332119):     0.143         0.000 CLK_divided 
Info (332102): Design is not fully constrained for setup requirements
Info (332102): Design is not fully constrained for hold requirements
Info: Quartus II 32-bit TimeQuest Timing Analyzer was successful. 0 errors, 8 warnings
    Info: Peak virtual memory: 773 megabytes
    Info: Processing ended: Thu Nov 07 15:09:12 2024
    Info: Elapsed time: 00:00:05
    Info: Total CPU time (on all processors): 00:00:05


