------------------------------------------------------------
TimeQuest Timing Analyzer Summary
------------------------------------------------------------

Type  : Slow 1100mV 85C Model Setup 'CLK'
Slack : -3.030
TNS   : -90.176

Type  : Slow 1100mV 85C Model Setup 'CLK_divided'
Slack : 0.074
TNS   : 0.000

Type  : Slow 1100mV 85C Model Hold 'CLK'
Slack : -1.248
TNS   : -1.248

Type  : Slow 1100mV 85C Model Hold 'CLK_divided'
Slack : 0.240
TNS   : 0.000

Type  : Slow 1100mV 85C Model Minimum Pulse Width 'CLK'
Slack : -0.548
TNS   : -25.678

Type  : Slow 1100mV 85C Model Minimum Pulse Width 'CLK_divided'
Slack : -0.538
TNS   : -3.093

Type  : Slow 1100mV 0C Model Setup 'CLK'
Slack : -3.239
TNS   : -90.163

Type  : Slow 1100mV 0C Model Setup 'CLK_divided'
Slack : 0.082
TNS   : 0.000

Type  : Slow 1100mV 0C Model Hold 'CLK'
Slack : -1.200
TNS   : -1.200

Type  : Slow 1100mV 0C Model Hold 'CLK_divided'
Slack : 0.206
TNS   : 0.000

Type  : Slow 1100mV 0C Model Minimum Pulse Width 'CLK'
Slack : -0.581
TNS   : -26.655

Type  : Slow 1100mV 0C Model Minimum Pulse Width 'CLK_divided'
Slack : -0.538
TNS   : -3.076

Type  : Fast 1100mV 85C Model Setup 'CLK'
Slack : -1.330
TNS   : -28.222

Type  : Fast 1100mV 85C Model Setup 'CLK_divided'
Slack : 0.496
TNS   : 0.000

Type  : Fast 1100mV 85C Model Hold 'CLK'
Slack : -0.575
TNS   : -0.575

Type  : Fast 1100mV 85C Model Hold 'CLK_divided'
Slack : 0.064
TNS   : 0.000

Type  : Fast 1100mV 85C Model Minimum Pulse Width 'CLK'
Slack : -0.497
TNS   : -3.521

Type  : Fast 1100mV 85C Model Minimum Pulse Width 'CLK_divided'
Slack : 0.148
TNS   : 0.000

Type  : Fast 1100mV 0C Model Setup 'CLK'
Slack : -1.321
TNS   : -23.889

Type  : Fast 1100mV 0C Model Setup 'CLK_divided'
Slack : 0.519
TNS   : 0.000

Type  : Fast 1100mV 0C Model Hold 'CLK'
Slack : -0.518
TNS   : -0.518

Type  : Fast 1100mV 0C Model Hold 'CLK_divided'
Slack : 0.049
TNS   : 0.000

Type  : Fast 1100mV 0C Model Minimum Pulse Width 'CLK'
Slack : -0.494
TNS   : -3.641

Type  : Fast 1100mV 0C Model Minimum Pulse Width 'CLK_divided'
Slack : 0.143
TNS   : 0.000

------------------------------------------------------------
